// Jest Snapshot v1, https://goo.gl/fbAQLP

exports[`FavoriteSelect.vue HelloWorld debe de mostrarse correctamente 1`] = `
<div class="hello">
  <h1></h1>
  <p> For a guide and recipes on how to configure / customize this project,<br> check out the <a href="https://cli.vuejs.org" target="_blank" rel="noopener">vue-cli documentation</a>. </p>
  <h3>Installed CLI Plugins</h3>
  <ul>
    <li><a href="https://github.com/vuejs/vue-cli/tree/dev/packages/%40vue/cli-plugin-babel" target="_blank" rel="noopener">babel</a></li>
    <li><a href="https://github.com/vuejs/vue-cli/tree/dev/packages/%40vue/cli-plugin-pwa" target="_blank" rel="noopener">pwa</a></li>
    <li><a href="https://github.com/vuejs/vue-cli/tree/dev/packages/%40vue/cli-plugin-router" target="_blank" rel="noopener">router</a></li>
    <li><a href="https://github.com/vuejs/vue-cli/tree/dev/packages/%40vue/cli-plugin-eslint" target="_blank" rel="noopener">eslint</a></li>
    <li><a href="https://github.com/vuejs/vue-cli/tree/dev/packages/%40vue/cli-plugin-unit-mocha" target="_blank" rel="noopener">unit-mocha</a></li>
    <li><a href="https://github.com/vuejs/vue-cli/tree/dev/packages/%40vue/cli-plugin-typescript" target="_blank" rel="noopener">typescript</a></li>
  </ul>
  <h3>Essential Links</h3>
  <ul>
    <li><a href="https://vuejs.org" target="_blank" rel="noopener">Core Docs</a></li>
    <li><a href="https://forum.vuejs.org" target="_blank" rel="noopener">Forum</a></li>
    <li><a href="https://chat.vuejs.org" target="_blank" rel="noopener">Community Chat</a></li>
    <li><a href="https://twitter.com/vuejs" target="_blank" rel="noopener">Twitter</a></li>
    <li><a href="https://news.vuejs.org" target="_blank" rel="noopener">News</a></li>
  </ul>
  <h3>Ecosystem</h3>
  <ul>
    <li><a href="https://router.vuejs.org" target="_blank" rel="noopener">vue-router</a></li>
    <li><a href="https://vuex.vuejs.org" target="_blank" rel="noopener">vuex</a></li>
    <li><a href="https://github.com/vuejs/vue-devtools#vue-devtools" target="_blank" rel="noopener">vue-devtools</a></li>
    <li><a href="https://vue-loader.vuejs.org" target="_blank" rel="noopener">vue-loader</a></li>
    <li><a href="https://github.com/vuejs/awesome-vue" target="_blank" rel="noopener">awesome-vue</a></li>
  </ul>
</div>
`;

exports[`FavoriteSelect.vue debe de mostrarse correctamente 1`] = `
<q-dialog>
  <q-card class="q-dialog-plugin">
    <q-card-section>
      <div class="text-h6">Acctions.addFavorite</div>
    </q-card-section>
    <q-card-section>
      <div class="q-px-sm">
        <div class="text-subtitle1">Labels.addToList</div>
        <div class="q-pa-sm">
          <q-select disable="true" label="Fields.favorites" options="" option-label="nickName" dense="" outlined="" clearable="" class="bg-white"></q-select>
        </div>
        <q-separator class="q-my-sm"></q-separator>
        <div class="text-subtitle1">Labels.createList</div>
        <div class="q-pa-sm">
          <q-input modelvalue="" label="Fields.favorites" disable="false" dense="" outlined="" clearable="" class="bg-white"></q-input>
        </div>
      </div>
    </q-card-section>
    <q-card-actions align="right">
      <q-btn color="negative" flat="" label="Labels.cancel"></q-btn>
      <q-btn color="primary" disable="true" label="Labels.ok"></q-btn>
    </q-card-actions>
  </q-card>
</q-dialog>
`;
